Microchip MPLAB XC8 Compiler V2.36

Linker command line:

-W-3 --edf=C:\Program Files\Microchip\xc8\v2.36\pic\dat\en_msgs.txt -cn \
  -h+dist/default/production\Tanque_.X.production.sym \
  --cmf=dist/default/production\Tanque_.X.production.cmf -z -Q18F4550 \
  -oC:\Users\Patrick\AppData\Local\Temp\xcAsjvc.4 --defsym=__MPLAB_BUILD=1 \
  -Mdist/default/production/Tanque_.X.production.map \
  --md=C:\Users\Patrick\AppData\Local\Temp\xcAsjvc.dat -E1 \
  -ver=XC8 Compiler --acfsm=1493 -ACODE=00h-07FFFh -ACONST=00h-07FFFh \
  -ASMALLCONST=0800h-08FFhx120 -AMEDIUMCONST=0800h-07FFFh -ACOMRAM=01h-05Fh \
  -AABS1=00h-07FFh -ABIGRAM=01h-07FFh -ARAM=060h-0FFh,0100h-01FFhx7 \
  -ABANK0=060h-0FFh -ABANK1=0100h-01FFh -ABANK2=0200h-02FFh \
  -ABANK3=0300h-03FFh -ABANK4=0400h-04FFh -ABANK5=0500h-05FFh \
  -ABANK6=0600h-06FFh -ABANK7=0700h-07FFh -ASFR=0F60h-0FFFh \
  -ABIGSFR=0F60h-0FFFh -ACONFIG=0300000h-030000Dh -AIDLOC=0200000h-0200007h \
  -AEEDATA=0F00000h-0F000FFh -peeprom_data=EEDATA \
  -preset_vec=00h,intcode,intcodelo,powerup,init -pramtop=0800h \
  -psmallconst=SMALLCONST -pmediumconst=MEDIUMCONST -pconst=CONST \
  -AFARRAM=00h-00h \
  -prdata=COMRAM,nvrram=COMRAM,nvbit=COMRAM,rbss=COMRAM,rbit=COMRAM \
  -pfarbss=FARRAM,fardata=FARRAM,nvFARRAM=FARRAM \
  -pintsave_regs=BIGRAM,bigbss=BIGRAM,bigdata=BIGRAM -pbss=RAM \
  -pidata=CODE,irdata=CODE,ibigdata=CODE,ifardata=CODE -prparam=COMRAM \
  C:\Users\Patrick\AppData\Local\Temp\xcAsjvc.o \
  dist/default/production\Tanque_.X.production.o 

Object code version is 3.11

Machine type is 18F4550



                Name                               Link     Load   Length Selector   Space Scale
C:\Users\Patrick\AppData\Local\Temp\xcAsjvc.o
                idloc                            200000   200000        8        0       5
                config                           300000   300000        E        0       4
                init                                  0        0        4        0       0
dist/default/production\Tanque_.X.production.o
                idloc                            200000   200000        8        0       5
                config                           300000   300000        E        0       4
                smallconst                          800      800       5E      400       0
                text41                             39A4     39A4       2C      42F       0
                text40                             35EA     35EA       60      42F       0
                text39                             3A1C     3A1C       12      42F       0
                text38                             3978     3978       2C      42F       0
                text37                             272E     272E      1B4      42F       0
                text36                             385C     385C       3E      42F       0
                text35                             34B6     34B6       6E      42F       0
                text34                             3430     3430       86      42F       0
                text33                             39F6     39F6       26      42F       0
                text32                             39D0     39D0       26      42F       0
                text31                             390A     390A       38      42F       0
                text30                             36F8     36F8       52      42F       0
                text29                             2A5A     2A5A      156      42F       0
                text28                             3212     3212       C4      42F       0
                text27                             32D6     32D6       B0      42F       0
                text26                             2182     2182      39A      42F       0
                text25                             3386     3386       AA      42F       0
                text24                             2CB6     2CB6      104      42F       0
                text23                             1D58     1D58      42A      42F       0
                text22                             38D2     38D2       38      42F       0
                text21                             146C     146C      4C0      42F       0
                text20                             3790     3790       46      42F       0
                text19                             2BB0     2BB0      106      42F       0
                text18                             2DBA     2DBA       FE      42F       0
                text17                             251C     251C      212      42F       0
                text16                             3A3C     3A3C        2     1D1B       0
                text15                             3082     3082       CA      42F       0
                text14                             37D6     37D6       44      42F       0
                text13                             3942     3942       36      42F       0
                text12                             314C     314C       C6      42F       0
                text11                             364A     364A       5C      42F       0
                text10                             389A     389A       38      42F       0
                text9                              374A     374A       46      42F       0
                text8                               85E      85E      C0E      42F       0
                text7                              2FAC     2FAC       D6      42F       0
                text6                              192C     192C      42C      42F       0
                text5                              3588     3588       62      42F       0
                text4                              36A6     36A6       52      42F       0
                text3                              28E2     28E2      178      42F       0
                text2                              3A36     3A36        6     1D1B       0
                text1                              3524     3524       64      42F       0
                text0                              2EB8     2EB8       F4      42F       0
                cstackCOMRAM                          1        1       5F        1       1
                cstackBANK0                          60       60       63       60       1
                bssBANK1                            100      100       50      100       1
                dataBANK0                            D3       D3        7       60       1
                bssBANK0                             C3       C3       10       60       1
                cinit                              381A     381A       42      42F       0
                idataBANK0                         3A2E     3A2E        7      42F       0

TOTAL           Name                               Link     Load   Length     Space
        CLASS   CODE           
                init                                  0        0        4         0
                text41                             39A4     39A4       2C         0
                text40                             35EA     35EA       60         0
                text39                             3A1C     3A1C       12         0
                text38                             3978     3978       2C         0
                text37                             272E     272E      1B4         0
                text36                             385C     385C       3E         0
                text35                             34B6     34B6       6E         0
                text34                             3430     3430       86         0
                text33                             39F6     39F6       26         0
                text32                             39D0     39D0       26         0
                text31                             390A     390A       38         0
                text30                             36F8     36F8       52         0
                text29                             2A5A     2A5A      156         0
                text28                             3212     3212       C4         0
                text27                             32D6     32D6       B0         0
                text26                             2182     2182      39A         0
                text25                             3386     3386       AA         0
                text24                             2CB6     2CB6      104         0
                text23                             1D58     1D58      42A         0
                text22                             38D2     38D2       38         0
                text21                             146C     146C      4C0         0
                text20                             3790     3790       46         0
                text19                             2BB0     2BB0      106         0
                text18                             2DBA     2DBA       FE         0
                text17                             251C     251C      212         0
                text16                             3A3C     3A3C        2         0
                text15                             3082     3082       CA         0
                text14                             37D6     37D6       44         0
                text13                             3942     3942       36         0
                text12                             314C     314C       C6         0
                text11                             364A     364A       5C         0
                text10                             389A     389A       38         0
                text9                              374A     374A       46         0
                text8                               85E      85E      C0E         0
                text7                              2FAC     2FAC       D6         0
                text6                              192C     192C      42C         0
                text5                              3588     3588       62         0
                text4                              36A6     36A6       52         0
                text3                              28E2     28E2      178         0
                text2                              3A36     3A36        6         0
                text1                              3524     3524       64         0
                text0                              2EB8     2EB8       F4         0
                cinit                              381A     381A       42         0
                idataBANK0                         3A2E     3A2E        7         0

        CLASS   CONST          

        CLASS   SMALLCONST     
                smallconst                          800      800       5E         0

        CLASS   MEDIUMCONST    

        CLASS   COMRAM         
                cstackCOMRAM                          1        1       5F         1

        CLASS   ABS1           

        CLASS   BIGRAM         

        CLASS   RAM            

        CLASS   BANK0          
                cstackBANK0                          60       60       63         1
                dataBANK0                            D3       D3        7         1
                bssBANK0                             C3       C3       10         1

        CLASS   BANK1          
                bssBANK1                            100      100       50         1

        CLASS   BANK2          

        CLASS   BANK3          

        CLASS   BANK4          

        CLASS   BANK5          

        CLASS   BANK6          

        CLASS   BANK7          

        CLASS   SFR            

        CLASS   BIGSFR         

        CLASS   CONFIG         
                config                           300000   300000        E         4

        CLASS   IDLOC          
                idloc                            200000   200000        8         5

        CLASS   EEDATA         

        CLASS   FARRAM         

        CLASS   HEAP           

        CLASS   STACK          



SEGMENTS        Name                           Load    Length   Top    Selector   Space  Class

                reset_vec                      000000  000004  000004         0       0  CODE    
                cstackCOMRAM                   000001  00005F  000060         1       1  COMRAM  
                cstackBANK0                    000060  00007A  0000DA        60       1  BANK0   
                bssBANK1                       000100  000050  000150       100       1  BANK1   
                smallconst                     000800  00005E  00085E       400       0  SMALLCON
                text8                          00085E  0031D7  003A35       42F       0  CODE    
                text2                          003A36  000008  003A3E      1D1B       0  CODE    


UNUSED ADDRESS RANGES

        Name                Unused          Largest block    Delta
        BANK0            0000DA-0000FF               26
        BANK1            000150-0001FF               B0
        BANK2            000200-0002FF              100
        BANK3            000300-0003FF              100
        BANK4            000400-0004FF              100
        BANK5            000500-0005FF              100
        BANK6            000600-0006FF              100
        BANK7            000700-0007FF              100
        BIGRAM           0000DA-0000FF               26
                         000150-0007FF              6B0
        BIGSFR           000F60-000FFF               A0
        CODE             000004-0007FF              7FC
                         003A35-003A35                1
                         003A3E-007FFF             45C2
        CONST            000004-0007FF              7FC
                         003A35-003A35                1
                         003A3E-007FFF             45C2
        EEDATA           F00000-F000FF              100
        MEDIUMCONST      003A35-003A35                1
                         003A3E-007FFF             45C2
        RAM              0000DA-0000FF               26
                         000150-0007FF              100
        SFR              000F60-000FFF               A0
        SMALLCONST       003A35-003A35                1
                         003A3E-007FFF              100

                                  Symbol Table

?_Ler_ADC                                   cstackCOMRAM 000001
?___awdiv                                   cstackCOMRAM 000001
?___awmod                                   cstackCOMRAM 000001
?___fladd                                   cstackCOMRAM 000028
?___fldiv                                   cstackCOMRAM 000001
?___flmul                                   cstackCOMRAM 00000F
?___flneg                                   cstackCOMRAM 000001
?___flsub                                   cstackCOMRAM 000038
?___fltol                                   cstackCOMRAM 000001
?___fpclassifyf                             cstackCOMRAM 000001
?___wmul                                    cstackCOMRAM 000001
?___xxtofl                                  cstackCOMRAM 000001
?_atoi                                      cstackCOMRAM 000008
?_efgtoa                                    cstackCOMRAM 000040
?_floorf                                    cstackCOMRAM 00001A
?_isdigit                                   cstackCOMRAM 000001
?_isspace                                   cstackCOMRAM 000001
?_isupper                                   cstackCOMRAM 000001
?_pad                                       cstackCOMRAM 000011
?_sprintf                                   cstackBANK0  000098
?_strlen                                    cstackCOMRAM 000001
?_strncmp                                   cstackCOMRAM 000001
?_tolower                                   cstackCOMRAM 000007
?_vfpfcnvrt                                 cstackCOMRAM 00004C
?_vfprintf                                  cstackBANK0  000092
Comando_LCD@comando                         cstackCOMRAM 000002
Escreve_C_LCD@caracter                      cstackCOMRAM 000002
Escreve_LCD@caracter                        cstackCOMRAM 000003
Inicializa_LCD@ini                          dataBANK0    0000D3
Inicializa_LCD@x                            cstackCOMRAM 000004
Ler_ADC@temp                                cstackCOMRAM 000005
Posiciona_LCD@coluna                        cstackCOMRAM 000003
Posiciona_LCD@linha                         cstackCOMRAM 000006
Posiciona_LCD@x                             cstackCOMRAM 000007
_ADCON0                                     (abs)        000FC2
_ADCON0bits                                 (abs)        000FC2
_ADCON1                                     (abs)        000FC1
_ADCON2                                     (abs)        000FC0
_ADRESH                                     (abs)        000FC4
_ADRESL                                     (abs)        000FC3
_Comando_LCD                                text41       0039A4
_Escreve_C_LCD                              text36       00385C
_Escreve_LCD                                text35       0034B6
_Inicializa_ADC                             text39       003A1C
_Inicializa_LCD                             text40       0035EA
_Ler_ADC                                    text38       003978
_PORTB                                      (abs)        000F81
_PORTBbits                                  (abs)        000F81
_PORTC                                      (abs)        000F82
_PORTCbits                                  (abs)        000F82
_PORTD                                      (abs)        000F83
_PORTE                                      (abs)        000F84
_PORTEbits                                  (abs)        000F84
_Posiciona_LCD                              text34       003430
_TRISA                                      (abs)        000F92
_TRISAbits                                  (abs)        000F92
_TRISB                                      (abs)        000F93
_TRISCbits                                  (abs)        000F94
_TRISD                                      (abs)        000F95
_TRISE                                      (abs)        000F96
_TRISEbits                                  (abs)        000F96
__HRAM                                      (abs)        000000
__Habs1                                     abs1         000000
__Hbank0                                    bank0        000000
__Hbank1                                    bank1        000000
__Hbank2                                    bank2        000000
__Hbank3                                    bank3        000000
__Hbank4                                    bank4        000000
__Hbank5                                    bank5        000000
__Hbank6                                    bank6        000000
__Hbank7                                    bank7        000000
__Hbigbss                                   bigbss       000000
__Hbigdata                                  bigdata      000000
__Hbigram                                   bigram       000000
__Hbigsfr                                   bigsfr       000000
__Hbss                                      bss          000000
__HbssBANK0                                 bssBANK0     000000
__HbssBANK1                                 bssBANK1     000000
__Hcinit                                    cinit        000000
__Hclrtext                                  clrtext      000000
__Hcomram                                   comram       000000
__Hconfig                                   config       30000E
__Hconst                                    const        000000
__HcstackBANK0                              cstackBANK0  000000
__HcstackCOMRAM                             cstackCOMRAM 000000
__Hdata                                     data         000000
__HdataBANK0                                dataBANK0    000000
__Heeprom_data                              eeprom_data  000000
__Hfarbss                                   farbss       000000
__Hfardata                                  fardata      000000
__Hheap                                     heap         000000
__Hibigdata                                 ibigdata     000000
__Hidata                                    idata        000000
__HidataBANK0                               idataBANK0   000000
__Hidloc                                    idloc        200008
__Hifardata                                 ifardata     000000
__Hinit                                     init         000004
__Hintcode                                  intcode      000000
__Hintcode_body                             intcode_body 000000
__Hintcodelo                                intcodelo    000000
__Hintentry                                 intentry     000000
__Hintret                                   intret       000000
__Hintsave_regs                             intsave_regs 000000
__Hirdata                                   irdata       000000
__Hmediumconst                              mediumconst  000000
__HnvFARRAM                                 nvFARRAM     000000
__Hnvbit                                    nvbit        000000
__Hnvrram                                   nvrram       000000
__Hparam                                    rparam       000000
__Hpowerup                                  powerup      000000
__Hram                                      ram          000000
__Hramtop                                   ramtop       000800
__Hrbit                                     rbit         000000
__Hrbss                                     rbss         000000
__Hrdata                                    rdata        000000
__Hreset_vec                                reset_vec    000000
__Hrparam                                   rparam       000000
__Hsfr                                      sfr          000000
__Hsmallconst                               smallconst   00085E
__Hspace_0                                  (abs)        003A3E
__Hspace_1                                  (abs)        000150
__Hspace_2                                  (abs)        000000
__Hspace_4                                  (abs)        60000E
__Hstack                                    stack        000000
__Hstruct                                   struct       000000
__Htemp                                     temp         000000
__Htext                                     text         000000
__Htext0                                    text0        000000
__Htext1                                    text1        000000
__Htext10                                   text10       000000
__Htext11                                   text11       000000
__Htext12                                   text12       000000
__Htext13                                   text13       000000
__Htext14                                   text14       000000
__Htext15                                   text15       000000
__Htext16                                   text16       000000
__Htext17                                   text17       000000
__Htext18                                   text18       000000
__Htext19                                   text19       000000
__Htext2                                    text2        000000
__Htext20                                   text20       000000
__Htext21                                   text21       000000
__Htext22                                   text22       000000
__Htext23                                   text23       000000
__Htext24                                   text24       000000
__Htext25                                   text25       000000
__Htext26                                   text26       000000
__Htext27                                   text27       000000
__Htext28                                   text28       000000
__Htext29                                   text29       000000
__Htext3                                    text3        000000
__Htext30                                   text30       000000
__Htext31                                   text31       000000
__Htext32                                   text32       000000
__Htext33                                   text33       000000
__Htext34                                   text34       000000
__Htext35                                   text35       000000
__Htext36                                   text36       000000
__Htext37                                   text37       000000
__Htext38                                   text38       000000
__Htext39                                   text39       000000
__Htext4                                    text4        000000
__Htext40                                   text40       000000
__Htext41                                   text41       000000
__Htext5                                    text5        000000
__Htext6                                    text6        000000
__Htext7                                    text7        000000
__Htext8                                    text8        000000
__Htext9                                    text9        000000
__LRAM                                      (abs)        000001
__Labs1                                     abs1         000000
__Lbank0                                    bank0        000000
__Lbank1                                    bank1        000000
__Lbank2                                    bank2        000000
__Lbank3                                    bank3        000000
__Lbank4                                    bank4        000000
__Lbank5                                    bank5        000000
__Lbank6                                    bank6        000000
__Lbank7                                    bank7        000000
__Lbigbss                                   bigbss       000000
__Lbigdata                                  bigdata      000000
__Lbigram                                   bigram       000000
__Lbigsfr                                   bigsfr       000000
__Lbss                                      bss          000000
__LbssBANK0                                 bssBANK0     000000
__LbssBANK1                                 bssBANK1     000000
__Lcinit                                    cinit        000000
__Lclrtext                                  clrtext      000000
__Lcomram                                   comram       000000
__Lconfig                                   config       000000
__Lconst                                    const        000000
__LcstackBANK0                              cstackBANK0  000000
__LcstackCOMRAM                             cstackCOMRAM 000000
__Ldata                                     data         000000
__LdataBANK0                                dataBANK0    000000
__Leeprom_data                              eeprom_data  000000
__Lfarbss                                   farbss       000000
__Lfardata                                  fardata      000000
__Lheap                                     heap         000000
__Libigdata                                 ibigdata     000000
__Lidata                                    idata        000000
__LidataBANK0                               idataBANK0   000000
__Lidloc                                    idloc        000000
__Lifardata                                 ifardata     000000
__Linit                                     init         000000
__Lintcode                                  intcode      000000
__Lintcode_body                             intcode_body 000000
__Lintcodelo                                intcodelo    000000
__Lintentry                                 intentry     000000
__Lintret                                   intret       000000
__Lintsave_regs                             intsave_regs 000000
__Lirdata                                   irdata       000000
__Lmediumconst                              mediumconst  000000
__LnvFARRAM                                 nvFARRAM     000000
__Lnvbit                                    nvbit        000000
__Lnvrram                                   nvrram       000000
__Lparam                                    rparam       000000
__Lpowerup                                  powerup      000000
__Lram                                      ram          000000
__Lramtop                                   ramtop       000800
__Lrbit                                     rbit         000000
__Lrbss                                     rbss         000000
__Lrdata                                    rdata        000000
__Lreset_vec                                reset_vec    000000
__Lrparam                                   rparam       000000
__Lsfr                                      sfr          000000
__Lsmallconst                               smallconst   000800
__Lspace_0                                  (abs)        000000
__Lspace_1                                  (abs)        000000
__Lspace_2                                  (abs)        000000
__Lspace_4                                  (abs)        000000
__Lstack                                    stack        000000
__Lstruct                                   struct       000000
__Ltemp                                     temp         000000
__Ltext                                     text         000000
__Ltext0                                    text0        000000
__Ltext1                                    text1        000000
__Ltext10                                   text10       000000
__Ltext11                                   text11       000000
__Ltext12                                   text12       000000
__Ltext13                                   text13       000000
__Ltext14                                   text14       000000
__Ltext15                                   text15       000000
__Ltext16                                   text16       000000
__Ltext17                                   text17       000000
__Ltext18                                   text18       000000
__Ltext19                                   text19       000000
__Ltext2                                    text2        000000
__Ltext20                                   text20       000000
__Ltext21                                   text21       000000
__Ltext22                                   text22       000000
__Ltext23                                   text23       000000
__Ltext24                                   text24       000000
__Ltext25                                   text25       000000
__Ltext26                                   text26       000000
__Ltext27                                   text27       000000
__Ltext28                                   text28       000000
__Ltext29                                   text29       000000
__Ltext3                                    text3        000000
__Ltext30                                   text30       000000
__Ltext31                                   text31       000000
__Ltext32                                   text32       000000
__Ltext33                                   text33       000000
__Ltext34                                   text34       000000
__Ltext35                                   text35       000000
__Ltext36                                   text36       000000
__Ltext37                                   text37       000000
__Ltext38                                   text38       000000
__Ltext39                                   text39       000000
__Ltext4                                    text4        000000
__Ltext40                                   text40       000000
__Ltext41                                   text41       000000
__Ltext5                                    text5        000000
__Ltext6                                    text6        000000
__Ltext7                                    text7        000000
__Ltext8                                    text8        000000
__Ltext9                                    text9        000000
__S0                                        (abs)        003A3E
__S1                                        (abs)        000150
__S4                                        (abs)        000000
__S5                                        (abs)        000000
___awdiv                                    text28       003212
___awdiv@counter                            cstackCOMRAM 000005
___awdiv@dividend                           cstackCOMRAM 000001
___awdiv@divisor                            cstackCOMRAM 000003
___awdiv@quotient                           cstackCOMRAM 000007
___awdiv@sign                               cstackCOMRAM 000006
___awmod                                    text27       0032D6
___awmod@counter                            cstackCOMRAM 000005
___awmod@dividend                           cstackCOMRAM 000001
___awmod@divisor                            cstackCOMRAM 000003
___awmod@sign                               cstackCOMRAM 000006
___fladd                                    text21       00146C
___fladd@a                                  cstackCOMRAM 00002C
___fladd@aexp                               cstackCOMRAM 000035
___fladd@b                                  cstackCOMRAM 000028
___fladd@bexp                               cstackCOMRAM 000036
___fladd@grs                                cstackCOMRAM 000037
___fladd@signs                              cstackCOMRAM 000034
___fldiv                                    text26       002182
___fldiv@a                                  cstackCOMRAM 000005
___fldiv@aexp                               cstackCOMRAM 000019
___fldiv@b                                  cstackCOMRAM 000001
___fldiv@bexp                               cstackCOMRAM 000018
___fldiv@grs                                cstackCOMRAM 000014
___fldiv@new_exp                            cstackCOMRAM 000012
___fldiv@rem                                cstackCOMRAM 00000D
___fldiv@sign                               cstackCOMRAM 000011
___fleq                                     text25       003386
___fleq@ff1                                 cstackCOMRAM 000001
___fleq@ff2                                 cstackCOMRAM 000005
___flge                                     text24       002CB6
___flge@ff1                                 cstackCOMRAM 000028
___flge@ff2                                 cstackCOMRAM 00002C
___flmul                                    text23       001D58
___flmul@a                                  cstackCOMRAM 000013
___flmul@aexp                               cstackCOMRAM 000020
___flmul@b                                  cstackCOMRAM 00000F
___flmul@bexp                               cstackCOMRAM 000021
___flmul@grs                                cstackCOMRAM 00001C
___flmul@prod                               cstackCOMRAM 000022
___flmul@sign                               cstackCOMRAM 00001B
___flmul@temp                               cstackCOMRAM 000026
___flneg                                    text22       0038D2
___flneg@f1                                 cstackCOMRAM 000001
___flsub                                    text20       003790
___flsub@a                                  cstackCOMRAM 00003C
___flsub@b                                  cstackCOMRAM 000038
___fltol                                    text19       002BB0
___fltol@exp1                               cstackCOMRAM 00000A
___fltol@f1                                 cstackCOMRAM 000001
___fltol@sign1                              cstackCOMRAM 000009
___fpclassifyf                              text18       002DBA
___fpclassifyf@F465                         bssBANK0     0000C7
___fpclassifyf@e                            cstackCOMRAM 000009
___fpclassifyf@u                            cstackCOMRAM 00000B
___fpclassifyf@x                            cstackCOMRAM 000001
___heap_hi                                  (abs)        000000
___heap_lo                                  (abs)        000000
___inthi_sp                                 stack        000000
___intlo_sp                                 stack        000000
___param_bank                               (abs)        000000
___rparam_used                              (abs)        000001
___sp                                       stack        000000
___wmul                                     text32       0039D0
___wmul@multiplicand                        cstackCOMRAM 000003
___wmul@multiplier                          cstackCOMRAM 000001
___wmul@product                             cstackCOMRAM 000005
___xxtofl                                   text37       00272E
___xxtofl@arg                               cstackCOMRAM 00000B
___xxtofl@exp                               cstackCOMRAM 00000A
___xxtofl@sign                              cstackCOMRAM 000009
___xxtofl@val                               cstackCOMRAM 000001
__accesstop                                 (abs)        000060
__activetblptr                              (abs)        000002
__end_of_Comando_LCD                        text41       0039D0
__end_of_Escreve_C_LCD                      text36       00389A
__end_of_Escreve_LCD                        text35       003524
__end_of_Inicializa_ADC                     text39       003A2E
__end_of_Inicializa_LCD                     text40       00364A
__end_of_Ler_ADC                            text38       0039A4
__end_of_Posiciona_LCD                      text34       0034B6
__end_of___awdiv                            text28       0032D6
__end_of___awmod                            text27       003386
__end_of___fladd                            text21       00192C
__end_of___fldiv                            text26       00251C
__end_of___fleq                             text25       003430
__end_of___flge                             text24       002DBA
__end_of___flmul                            text23       002182
__end_of___flneg                            text22       00390A
__end_of___flsub                            text20       0037D6
__end_of___fltol                            text19       002CB6
__end_of___fpclassifyf                      text18       002EB8
__end_of___wmul                             text32       0039F6
__end_of___xxtofl                           text37       0028E2
__end_of__initialization                    cinit        003852
__end_of_atoi                               text29       002BB0
__end_of_efgtoa                             text8        00146C
__end_of_floorf                             text17       00272E
__end_of_fputc                              text15       00314C
__end_of_fputs                              text14       00381A
__end_of_isdigit                            text31       003942
__end_of_isspace                            text30       00374A
__end_of_isupper                            text10       0038D2
__end_of_main                               text0        002FAC
__end_of_pad                                text12       003212
__end_of_potentiometer_temperature          text3        002A5A
__end_of_printDisplayLCD                    text33       003A1C
__end_of_putch                              text16       003A3E
__end_of_sprintf                            text4        0036F8
__end_of_strcpy                             text11       0036A6
__end_of_strlen                             text13       003978
__end_of_strncmp                            text7        003082
__end_of_tolower                            text9        003790
__end_of_turnoff_coolerandheater            text2        003A3C
__end_of_turnon_coolerandheater             text1        003588
__end_of_vfpfcnvrt                          text6        001D58
__end_of_vfprintf                           text5        0035EA
__initialization                            cinit        00381A
__mediumconst                               mediumconst  000000
__pbssBANK0                                 bssBANK0     0000C3
__pbssBANK1                                 bssBANK1     000100
__pcinit                                    cinit        00381A
__pcstackBANK0                              cstackBANK0  000060
__pcstackCOMRAM                             cstackCOMRAM 000001
__pdataBANK0                                dataBANK0    0000D3
__pidataBANK0                               idataBANK0   003A2E
__psmallconst                               smallconst   000800
__ptext0                                    text0        002EB8
__ptext1                                    text1        003524
__ptext10                                   text10       00389A
__ptext11                                   text11       00364A
__ptext12                                   text12       00314C
__ptext13                                   text13       003942
__ptext14                                   text14       0037D6
__ptext15                                   text15       003082
__ptext16                                   text16       003A3C
__ptext17                                   text17       00251C
__ptext18                                   text18       002DBA
__ptext19                                   text19       002BB0
__ptext2                                    text2        003A36
__ptext20                                   text20       003790
__ptext21                                   text21       00146C
__ptext22                                   text22       0038D2
__ptext23                                   text23       001D58
__ptext24                                   text24       002CB6
__ptext25                                   text25       003386
__ptext26                                   text26       002182
__ptext27                                   text27       0032D6
__ptext28                                   text28       003212
__ptext29                                   text29       002A5A
__ptext3                                    text3        0028E2
__ptext30                                   text30       0036F8
__ptext31                                   text31       00390A
__ptext32                                   text32       0039D0
__ptext33                                   text33       0039F6
__ptext34                                   text34       003430
__ptext35                                   text35       0034B6
__ptext36                                   text36       00385C
__ptext37                                   text37       00272E
__ptext38                                   text38       003978
__ptext39                                   text39       003A1C
__ptext4                                    text4        0036A6
__ptext40                                   text40       0035EA
__ptext41                                   text41       0039A4
__ptext5                                    text5        003588
__ptext6                                    text6        00192C
__ptext7                                    text7        002FAC
__ptext8                                    text8        00085E
__ptext9                                    text9        00374A
__ramtop                                    ramtop       000800
__smallconst                                smallconst   000800
_atoi                                       text29       002A5A
_dbuf                                       bssBANK1     000100
_efgtoa                                     text8        00085E
_efgtoa$1050                                cstackBANK0  000060
_efgtoa$1058                                cstackBANK0  000062
_efgtoa$1059                                cstackBANK0  000064
_flags                                      bssBANK0     0000D1
_floorf                                     text17       00251C
_fputc                                      text15       003082
_fputs                                      text14       0037D6
_isdigit                                    text31       00390A
_isspace                                    text30       0036F8
_isspace$1137                               cstackCOMRAM 000007
_isupper                                    text10       00389A
_main                                       text0        002EB8
_nout                                       bssBANK0     0000CB
_pad                                        text12       00314C
_potentiometer_temperature                  text3        0028E2
_prec                                       bssBANK0     0000CF
_printDisplayLCD                            text33       0039F6
_putch                                      text16       003A3C
_sprintf                                    text4        0036A6
_strcpy                                     text11       00364A
_strlen                                     text13       003942
_strncmp                                    text7        002FAC
_tolower                                    text9        00374A
_turnoff_coolerandheater                    text2        003A36
_turnon_coolerandheater                     text1        003524
_vfpfcnvrt                                  text6        00192C
_vfprintf                                   text5        003588
_width                                      bssBANK0     0000CD
atoi@n                                      cstackCOMRAM 000010
atoi@neg                                    cstackCOMRAM 00000E
atoi@s                                      cstackCOMRAM 000008
efgtoa@c                                    cstackCOMRAM 000046
efgtoa@d                                    cstackBANK0  000072
efgtoa@e                                    cstackBANK0  00008A
efgtoa@f                                    cstackCOMRAM 000042
efgtoa@fp                                   cstackCOMRAM 000040
efgtoa@g                                    cstackBANK0  000086
efgtoa@h                                    cstackBANK0  00007C
efgtoa@i                                    cstackBANK0  000084
efgtoa@l                                    cstackBANK0  000080
efgtoa@m                                    cstackBANK0  00006C
efgtoa@mode                                 cstackBANK0  00007B
efgtoa@n                                    cstackBANK0  00008C
efgtoa@ne                                   cstackBANK0  00006A
efgtoa@nmode                                cstackBANK0  00007A
efgtoa@ou                                   cstackBANK0  00006E
efgtoa@p                                    cstackBANK0  000076
efgtoa@pp                                   cstackBANK0  000068
efgtoa@sign                                 cstackBANK0  000074
efgtoa@t                                    cstackBANK0  000066
efgtoa@u                                    cstackBANK0  00008E
efgtoa@w                                    cstackBANK0  000078
end_of_initialization                       cinit        003852
floorf@F526                                 bssBANK0     0000C3
floorf@e                                    cstackCOMRAM 000028
floorf@m                                    cstackCOMRAM 000024
floorf@u                                    cstackCOMRAM 00002A
floorf@x                                    cstackCOMRAM 00001A
fputc@c                                     cstackCOMRAM 000001
fputc@fp                                    cstackCOMRAM 000003
fputs@c                                     cstackCOMRAM 00000E
fputs@fp                                    cstackCOMRAM 00000C
fputs@i                                     cstackCOMRAM 00000F
fputs@s                                     cstackCOMRAM 00000A
intlevel0                                   text         000000
intlevel1                                   text         000000
intlevel2                                   text         000000
intlevel3                                   text         000000
isa$std                                     (abs)        000001
isa$xinst                                   (abs)        000000
isdigit@c                                   cstackCOMRAM 000001
isspace@c                                   cstackCOMRAM 000001
isupper@c                                   cstackCOMRAM 000001
pad@buf                                     cstackCOMRAM 000013
pad@fp                                      cstackCOMRAM 000011
pad@i                                       cstackCOMRAM 000018
pad@p                                       cstackCOMRAM 000015
pad@w                                       cstackCOMRAM 00001A
potentiometer_temperature@digital           cstackBANK0  0000BB
potentiometer_temperature@temperatura       cstackBANK0  0000BD
potentiometer_temperature@temperatura_texto cstackBANK0  0000AD
potentiometer_temperature@voltagem          cstackBANK0  0000B7
printDisplayLCD@col                         cstackCOMRAM 00000A
printDisplayLCD@line                        cstackCOMRAM 000008
printDisplayLCD@text                        cstackCOMRAM 00000C
sprintf@ap                                  cstackBANK0  0000A0
sprintf@f                                   cstackBANK0  0000A2
sprintf@fmt                                 cstackBANK0  00009A
sprintf@s                                   cstackBANK0  000098
stackhi                                     (abs)        000000
stacklo                                     (abs)        000000
start                                       init         000000
start_initialization                        cinit        00381A
strcpy@d                                    cstackCOMRAM 000009
strcpy@dest                                 cstackCOMRAM 000001
strcpy@s                                    cstackCOMRAM 000007
strcpy@src                                  cstackCOMRAM 000003
strlen@a                                    cstackCOMRAM 000003
strlen@s                                    cstackCOMRAM 000001
strncmp@_l                                  cstackCOMRAM 000001
strncmp@_r                                  cstackCOMRAM 000003
strncmp@l                                   cstackCOMRAM 000008
strncmp@n                                   cstackCOMRAM 000005
strncmp@r                                   cstackCOMRAM 00000A
tolower@c                                   cstackCOMRAM 000007
vfpfcnvrt@ap                                cstackCOMRAM 000050
vfpfcnvrt@c                                 cstackCOMRAM 00005D
vfpfcnvrt@ct                                cstackCOMRAM 00005A
vfpfcnvrt@f                                 cstackCOMRAM 000056
vfpfcnvrt@fmt                               cstackCOMRAM 00004E
vfpfcnvrt@fp                                cstackCOMRAM 00004C
vfprintf@ap                                 cstackBANK0  000096
vfprintf@cfmt                               cstackCOMRAM 00005E
vfprintf@fmt                                cstackBANK0  000094
vfprintf@fp                                 cstackBANK0  000092


MODULE INFORMATION

Module		Function		Class		Link	Load	Size
C:\Program Files\Microchip\xc8\v2.36\pic\sources\c99\common\putch.c
		_putch         		CODE           	3A3C	0000	2

C:\Program Files\Microchip\xc8\v2.36\pic\sources\c99\common\putch.c estimated size: 2

C:\Program Files\Microchip\xc8\v2.36\pic\sources\c99\common\nf_fputs.c
		_fputs         		CODE           	37D6	0000	68

C:\Program Files\Microchip\xc8\v2.36\pic\sources\c99\common\nf_fputs.c estimated size: 68

C:\Program Files\Microchip\xc8\v2.36\pic\sources\c99\common\strncmp.c
		_strncmp       		CODE           	2FAC	0000	214

C:\Program Files\Microchip\xc8\v2.36\pic\sources\c99\common\strncmp.c estimated size: 214

C:\Program Files\Microchip\xc8\v2.36\pic\sources\c99\common\tolower.c
		_tolower       		CODE           	374A	0000	70

C:\Program Files\Microchip\xc8\v2.36\pic\sources\c99\common\tolower.c estimated size: 70

C:\Program Files\Microchip\xc8\v2.36\pic\sources\c99\common\__fpclassifyf.c
		___fpclassifyf 		CODE           	2DBA	0000	254

C:\Program Files\Microchip\xc8\v2.36\pic\sources\c99\common\__fpclassifyf.c estimated size: 254

C:\Program Files\Microchip\xc8\v2.36\pic\sources\c99\common\sprcmul.c
		___flmul       		CODE           	1D58	0000	1066

C:\Program Files\Microchip\xc8\v2.36\pic\sources\c99\common\sprcmul.c estimated size: 1066

C:\Program Files\Microchip\xc8\v2.36\pic\sources\c99\common\floorf.c
		_floorf        		CODE           	251C	0000	530

C:\Program Files\Microchip\xc8\v2.36\pic\sources\c99\common\floorf.c estimated size: 530

C:\Program Files\Microchip\xc8\v2.36\pic\sources\c99\common\sprcdiv.c
		___fldiv       		CODE           	2182	0000	922

C:\Program Files\Microchip\xc8\v2.36\pic\sources\c99\common\sprcdiv.c estimated size: 922

C:\Program Files\Microchip\xc8\v2.36\pic\sources\c99\common\atoi.c
		_atoi          		CODE           	2A5A	0000	342

C:\Program Files\Microchip\xc8\v2.36\pic\sources\c99\common\atoi.c estimated size: 342

C:\Program Files\Microchip\xc8\v2.36\pic\sources\c99\common\fleq.c
		___fleq        		CODE           	3386	0000	170

C:\Program Files\Microchip\xc8\v2.36\pic\sources\c99\common\fleq.c estimated size: 170

C:\Program Files\Microchip\xc8\v2.36\pic\sources\c99\common\awmod.c
		___awmod       		CODE           	32D6	0000	176

C:\Program Files\Microchip\xc8\v2.36\pic\sources\c99\common\awmod.c estimated size: 176

C:\Program Files\Microchip\xc8\v2.36\pic\sources\c99\common\nf_sprintf.c
		_sprintf       		CODE           	36A6	0000	82

C:\Program Files\Microchip\xc8\v2.36\pic\sources\c99\common\nf_sprintf.c estimated size: 82

C:\Program Files\Microchip\xc8\v2.36\pic\sources\c99\common\isspace.c
		_isspace       		CODE           	36F8	0000	82

C:\Program Files\Microchip\xc8\v2.36\pic\sources\c99\common\isspace.c estimated size: 82

./lcd.h
		_Inicializa_LCD		CODE           	35EA	0000	96
		_Escreve_LCD   		CODE           	34B6	0000	110
		_Escreve_C_LCD 		CODE           	385C	0000	62
		_Posiciona_LCD 		CODE           	3430	0000	134
		_Comando_LCD   		CODE           	39A4	0000	44

./lcd.h estimated size: 446

C:\Program Files\Microchip\xc8\v2.36\pic\sources\c99\common\xxtofl.c
		___xxtofl      		CODE           	272E	0000	436

C:\Program Files\Microchip\xc8\v2.36\pic\sources\c99\common\xxtofl.c estimated size: 436

C:\Program Files\Microchip\xc8\v2.36\pic\sources\c99\common\strlen.c
		_strlen        		CODE           	3942	0000	54

C:\Program Files\Microchip\xc8\v2.36\pic\sources\c99\common\strlen.c estimated size: 54

C:\Program Files\Microchip\xc8\v2.36\pic\sources\c99\common\strcpy.c
		_strcpy        		CODE           	364A	0000	92

C:\Program Files\Microchip\xc8\v2.36\pic\sources\c99\common\strcpy.c estimated size: 92

C:\Program Files\Microchip\xc8\v2.36\pic\sources\c99\common\nf_fputc.c
		_fputc         		CODE           	3082	0000	202

C:\Program Files\Microchip\xc8\v2.36\pic\sources\c99\common\nf_fputc.c estimated size: 202

C:\Program Files\Microchip\xc8\v2.36\pic\sources\c99\common\isdigit.c
		_isdigit       		CODE           	390A	0000	56

C:\Program Files\Microchip\xc8\v2.36\pic\sources\c99\common\isdigit.c estimated size: 56

C:\Program Files\Microchip\xc8\v2.36\pic\sources\c99\common\sprcadd.c
		___flsub       		CODE           	3790	0000	70
		___fladd       		CODE           	146C	0000	1216

C:\Program Files\Microchip\xc8\v2.36\pic\sources\c99\common\sprcadd.c estimated size: 1286

C:\Program Files\Microchip\xc8\v2.36\pic\sources\c99\common\awdiv.c
		___awdiv       		CODE           	3212	0000	196

C:\Program Files\Microchip\xc8\v2.36\pic\sources\c99\common\awdiv.c estimated size: 196

C:\Program Files\Microchip\xc8\v2.36\pic\sources\c99\common\doprnt.c
		_vfpfcnvrt     		CODE           	192C	0000	1068
		_efgtoa        		CODE           	085E	0000	3086
		_pad           		CODE           	314C	0000	198
		_vfprintf      		CODE           	3588	0000	98

C:\Program Files\Microchip\xc8\v2.36\pic\sources\c99\common\doprnt.c estimated size: 4450

C:\Program Files\Microchip\xc8\v2.36\pic\sources\c99\common\fltol.c
		___fltol       		CODE           	2BB0	0000	262

C:\Program Files\Microchip\xc8\v2.36\pic\sources\c99\common\fltol.c estimated size: 262

shared
		__initialization		CODE           	381A	0000	56

shared estimated size: 56

tanque.c
		_main          		CODE           	2EB8	0000	244
		_potentiometer_temperature		CODE           	28E2	0000	376
		_turnon_coolerandheater		CODE           	3524	0000	100
		_printDisplayLCD		CODE           	39F6	0000	38
		_turnoff_coolerandheater		CODE           	3A36	0000	6

tanque.c estimated size: 764

C:\Program Files\Microchip\xc8\v2.36\pic\sources\c99\common\flge.c
		___flge        		CODE           	2CB6	0000	260

C:\Program Files\Microchip\xc8\v2.36\pic\sources\c99\common\flge.c estimated size: 260

C:\Program Files\Microchip\xc8\v2.36\pic\sources\c99\common\Umul16.c
		___wmul        		CODE           	39D0	0000	38

C:\Program Files\Microchip\xc8\v2.36\pic\sources\c99\common\Umul16.c estimated size: 38

C:\Program Files\Microchip\xc8\v2.36\pic\sources\c99\common\flneg.c
		___flneg       		CODE           	38D2	0000	56

C:\Program Files\Microchip\xc8\v2.36\pic\sources\c99\common\flneg.c estimated size: 56

C:\Program Files\Microchip\xc8\v2.36\pic\sources\c99\common\isupper.c
		_isupper       		CODE           	389A	0000	56

C:\Program Files\Microchip\xc8\v2.36\pic\sources\c99\common\isupper.c estimated size: 56

./adc.h
		_Inicializa_ADC		CODE           	3A1C	0000	18
		_Ler_ADC       		CODE           	3978	0000	44

./adc.h estimated size: 62

